[8:42:37 PM.807] Node4 - INIT - Edge Node1-Node4 weight: 8 
[8:42:37 PM.851] Node4 - INIT - Edge Node2-Node4 weight: 8 
[8:42:37 PM.851] Node4 - INIT - Edge Node3-Node4 weight: 8 
[8:42:37 PM.851] Node4 - INIT - Edge Node4-Node5 weight: 8 
[8:42:37 PM.851] Node4 - INIT - Edge Node4-Node6 weight: 8 
[8:42:37 PM.852] Node4 - INIT - Edge Node4-Node7 weight: 8 
[8:42:37 PM.852] Node4 - INIT - Edge Node4-Node8 weight: 8 
[8:42:37 PM.852] Node4 - INIT - Node initialized for MST 
GHS Node started at ID=Node4, PORT=3004
Server listening on port 3004
[8:42:44 PM.346] Node4 - START - Starting simplified MST algorithm 
[8:42:44 PM.346] Node4 - KRUSKAL - Total edges: 28, need 7 for MST 
[8:42:44 PM.346] Node4 - MST_BUILD - Added edge Node1-Node2 weight: 8 (1/7) 
[8:42:44 PM.346] Node4 - MST_BUILD - Added edge Node1-Node3 weight: 8 (2/7) 
[8:42:44 PM.346] Node4 - MST_BUILD - Added edge Node1-Node4 weight: 8 (3/7) 
[8:42:44 PM.346] Node4 - MST_BUILD - Added edge Node1-Node5 weight: 8 (4/7) 
[8:42:44 PM.346] Node4 - MST_BUILD - Added edge Node1-Node6 weight: 8 (5/7) 
[8:42:44 PM.347] Node4 - MST_BUILD - Added edge Node1-Node7 weight: 8 (6/7) 
[8:42:44 PM.347] Node4 - MST_BUILD - Added edge Node1-Node8 weight: 8 (7/7) 
[8:42:49 PM.347] Node4 - COMPLETE - MST completed. Edges: 1 
