[8:42:37 PM.794] Node6 - INIT - Edge Node1-Node6 weight: 8 
[8:42:37 PM.832] Node6 - INIT - Edge Node2-Node6 weight: 8 
[8:42:37 PM.832] Node6 - INIT - Edge Node3-Node6 weight: 8 
[8:42:37 PM.832] Node6 - INIT - Edge Node4-Node6 weight: 8 
[8:42:37 PM.832] Node6 - INIT - Edge Node5-Node6 weight: 8 
[8:42:37 PM.832] Node6 - INIT - Edge Node6-Node7 weight: 8 
[8:42:37 PM.833] Node6 - INIT - Edge Node6-Node8 weight: 8 
[8:42:37 PM.833] Node6 - INIT - Node initialized for MST 
GHS Node started at ID=Node6, PORT=3006
Server listening on port 3006
[8:42:44 PM.402] Node6 - START - Starting simplified MST algorithm 
[8:42:44 PM.402] Node6 - KRUSKAL - Total edges: 28, need 7 for MST 
[8:42:44 PM.402] Node6 - MST_BUILD - Added edge Node1-Node2 weight: 8 (1/7) 
[8:42:44 PM.402] Node6 - MST_BUILD - Added edge Node1-Node3 weight: 8 (2/7) 
[8:42:44 PM.402] Node6 - MST_BUILD - Added edge Node1-Node4 weight: 8 (3/7) 
[8:42:44 PM.402] Node6 - MST_BUILD - Added edge Node1-Node5 weight: 8 (4/7) 
[8:42:44 PM.402] Node6 - MST_BUILD - Added edge Node1-Node6 weight: 8 (5/7) 
[8:42:44 PM.402] Node6 - MST_BUILD - Added edge Node1-Node7 weight: 8 (6/7) 
[8:42:44 PM.402] Node6 - MST_BUILD - Added edge Node1-Node8 weight: 8 (7/7) 
[8:42:49 PM.405] Node6 - COMPLETE - MST completed. Edges: 1 
