[Node3] Loading honest protocol
Node Node3 behavior: honest
[8:40:07 PM.928] Node3 - STATE - Became FOLLOWER, leader: Node1 
[8:40:07 PM.958] Node3 - INIT - Node initialized, leader: Node1 
Raft Node started at ID=Node3, PORT=3003
Node Node3 behavior: honest
[8:40:07 PM.959] Node3 - STATE - Became FOLLOWER, leader: Node1 
[8:40:07 PM.959] Node3 - INIT - Node initialized, leader: Node1 
Server listening on port 3003
[LATENCY] Node3 -> A: 0ms delay
[LATENCY] Node3 -> A: 0ms delay
[LATENCY] Node3 -> A: 0ms delay
[LATENCY] Node3 -> A: 0ms delay
[LATENCY] Node3 -> A: 0ms delay
[LATENCY] Node3 -> A: 0ms delay
[LATENCY] Node3 -> A: 0ms delay
[LATENCY] Node3 -> A: 0ms delay
[LATENCY] Node3 -> A: 0ms delay
[LATENCY] Node3 -> A: 0ms delay
[LATENCY] Node3 -> A: 0ms delay
[LATENCY] Node3 -> A: 0ms delay
[LATENCY] Node3 -> A: 0ms delay
[8:40:14 PM.307] Node3 - REPLICATION - Appended 1 entries from Node1 
[LATENCY] Node3 -> A: 0ms delay
[LATENCY] Node3 -> A: 0ms delay
[8:40:15 PM.230] Node3 - COMMIT - Applied entry 1 {"operation":"TX","id":1,"value":100}
[LATENCY] Node3 -> A: 0ms delay
[LATENCY] Node3 -> A: 0ms delay
[LATENCY] Node3 -> A: 0ms delay
[LATENCY] Node3 -> A: 0ms delay
[LATENCY] Node3 -> A: 0ms delay
[LATENCY] Node3 -> A: 0ms delay
[8:40:17 PM.492] Node3 - REPLICATION - Appended 1 entries from Node1 
[LATENCY] Node3 -> A: 0ms delay
[8:40:18 PM.235] Node3 - COMMIT - Applied entry 2 {"operation":"TX","id":2,"value":200}
[LATENCY] Node3 -> A: 0ms delay
[LATENCY] Node3 -> A: 0ms delay
[LATENCY] Node3 -> A: 0ms delay
[LATENCY] Node3 -> A: 0ms delay
[LATENCY] Node3 -> A: 0ms delay
[LATENCY] Node3 -> A: 0ms delay
[8:40:20 PM.614] Node3 - REPLICATION - Appended 1 entries from Node1 
[LATENCY] Node3 -> A: 0ms delay
[8:40:21 PM.239] Node3 - COMMIT - Applied entry 3 {"operation":"TX","id":3,"value":300}
[LATENCY] Node3 -> A: 0ms delay
[LATENCY] Node3 -> A: 0ms delay
[LATENCY] Node3 -> A: 0ms delay
[LATENCY] Node3 -> A: 0ms delay
[LATENCY] Node3 -> A: 0ms delay
[LATENCY] Node3 -> A: 0ms delay
[LATENCY] Node3 -> A: 0ms delay
[LATENCY] Node3 -> A: 0ms delay
[LATENCY] Node3 -> A: 0ms delay
[LATENCY] Node3 -> A: 0ms delay
[LATENCY] Node3 -> A: 0ms delay
[LATENCY] Node3 -> A: 0ms delay
