[Node1] Loading honest protocol
Node Node1 behavior: honest
[8:40:07 PM.928] Node1 - LEADER - Became LEADER for term 1 
[LATENCY] Node1 -> B: 0ms delay
[LATENCY] Node1 -> C: 0ms delay
[LATENCY] Node1 -> D: 0ms delay
[8:40:08 PM.112] Node1 - INIT - Node initialized, leader: Node1 
Raft Node started at ID=Node1, PORT=3001
Node Node1 behavior: honest
[8:40:08 PM.113] Node1 - LEADER - Became LEADER for term 1 
[LATENCY] Node1 -> B: 0ms delay
[LATENCY] Node1 -> C: 0ms delay
[LATENCY] Node1 -> D: 0ms delay
[8:40:08 PM.210] Node1 - INIT - Node initialized, leader: Node1 
Server listening on port 3001
[LATENCY] Node1 -> B: 0ms delay
[LATENCY] Node1 -> C: 0ms delay
[LATENCY] Node1 -> D: 0ms delay
[LATENCY] Node1 -> B: 0ms delay
[LATENCY] Node1 -> C: 0ms delay
[LATENCY] Node1 -> D: 0ms delay
[LATENCY] Node1 -> B: 0ms delay
[LATENCY] Node1 -> C: 0ms delay
[LATENCY] Node1 -> D: 0ms delay
[LATENCY] Node1 -> B: 0ms delay
[LATENCY] Node1 -> C: 0ms delay
[LATENCY] Node1 -> D: 0ms delay
[LATENCY] Node1 -> B: 0ms delay
[LATENCY] Node1 -> C: 0ms delay
[LATENCY] Node1 -> D: 0ms delay
[LATENCY] Node1 -> B: 0ms delay
[LATENCY] Node1 -> C: 0ms delay
[LATENCY] Node1 -> D: 0ms delay
[LATENCY] Node1 -> B: 0ms delay
[LATENCY] Node1 -> C: 0ms delay
[LATENCY] Node1 -> D: 0ms delay
[LATENCY] Node1 -> B: 0ms delay
[LATENCY] Node1 -> C: 0ms delay
[LATENCY] Node1 -> D: 0ms delay
[LATENCY] Node1 -> B: 0ms delay
[LATENCY] Node1 -> C: 0ms delay
[LATENCY] Node1 -> D: 0ms delay
[LATENCY] Node1 -> B: 0ms delay
[LATENCY] Node1 -> C: 0ms delay
[LATENCY] Node1 -> D: 0ms delay
[LATENCY] Node1 -> B: 0ms delay
[LATENCY] Node1 -> C: 0ms delay
[LATENCY] Node1 -> D: 0ms delay
[8:40:14 PM.211] Node1 - CLIENT - Added entry 1 to log {"operation":"TX","id":1,"value":100}
[LATENCY] Node1 -> B: 0ms delay
[LATENCY] Node1 -> C: 0ms delay
[LATENCY] Node1 -> D: 0ms delay
{ operation: 'TX', id: 1, value: 100 }
[LATENCY] Node1 -> B: 0ms delay
[LATENCY] Node1 -> C: 0ms delay
[LATENCY] Node1 -> D: 0ms delay
[8:40:14 PM.806] Node1 - COMMIT - Applied entry 1 {"operation":"TX","id":1,"value":100}
[LATENCY] Node1 -> B: 0ms delay
[LATENCY] Node1 -> C: 0ms delay
[LATENCY] Node1 -> D: 0ms delay
[LATENCY] Node1 -> B: 0ms delay
[LATENCY] Node1 -> C: 0ms delay
[LATENCY] Node1 -> D: 0ms delay
[LATENCY] Node1 -> B: 0ms delay
[LATENCY] Node1 -> C: 0ms delay
[LATENCY] Node1 -> D: 0ms delay
[LATENCY] Node1 -> B: 0ms delay
[LATENCY] Node1 -> C: 0ms delay
[LATENCY] Node1 -> D: 0ms delay
[LATENCY] Node1 -> B: 0ms delay
[LATENCY] Node1 -> C: 0ms delay
[LATENCY] Node1 -> D: 0ms delay
[LATENCY] Node1 -> B: 0ms delay
[LATENCY] Node1 -> C: 0ms delay
[LATENCY] Node1 -> D: 0ms delay
[8:40:17 PM.400] Node1 - CLIENT - Added entry 2 to log {"operation":"TX","id":2,"value":200}
[LATENCY] Node1 -> B: 0ms delay
[LATENCY] Node1 -> C: 0ms delay
[LATENCY] Node1 -> D: 0ms delay
{ operation: 'TX', id: 2, value: 200 }
[8:40:17 PM.990] Node1 - COMMIT - Applied entry 2 {"operation":"TX","id":2,"value":200}
[LATENCY] Node1 -> B: 0ms delay
[LATENCY] Node1 -> C: 0ms delay
[LATENCY] Node1 -> D: 0ms delay
[LATENCY] Node1 -> B: 0ms delay
[LATENCY] Node1 -> C: 0ms delay
[LATENCY] Node1 -> D: 0ms delay
[LATENCY] Node1 -> B: 0ms delay
[LATENCY] Node1 -> C: 0ms delay
[LATENCY] Node1 -> D: 0ms delay
[LATENCY] Node1 -> B: 0ms delay
[LATENCY] Node1 -> C: 0ms delay
[LATENCY] Node1 -> D: 0ms delay
[LATENCY] Node1 -> B: 0ms delay
[LATENCY] Node1 -> C: 0ms delay
[LATENCY] Node1 -> D: 0ms delay
[LATENCY] Node1 -> B: 0ms delay
[LATENCY] Node1 -> C: 0ms delay
[LATENCY] Node1 -> D: 0ms delay
[8:40:20 PM.521] Node1 - CLIENT - Added entry 3 to log {"operation":"TX","id":3,"value":300}
[LATENCY] Node1 -> B: 0ms delay
[LATENCY] Node1 -> C: 0ms delay
[LATENCY] Node1 -> D: 0ms delay
{ operation: 'TX', id: 3, value: 300 }
[8:40:21 PM.112] Node1 - COMMIT - Applied entry 3 {"operation":"TX","id":3,"value":300}
[LATENCY] Node1 -> B: 0ms delay
[LATENCY] Node1 -> C: 0ms delay
[LATENCY] Node1 -> D: 0ms delay
[LATENCY] Node1 -> B: 0ms delay
[LATENCY] Node1 -> C: 0ms delay
[LATENCY] Node1 -> D: 0ms delay
[LATENCY] Node1 -> B: 0ms delay
[LATENCY] Node1 -> C: 0ms delay
[LATENCY] Node1 -> D: 0ms delay
[LATENCY] Node1 -> B: 0ms delay
[LATENCY] Node1 -> C: 0ms delay
[LATENCY] Node1 -> D: 0ms delay
[LATENCY] Node1 -> B: 0ms delay
[LATENCY] Node1 -> C: 0ms delay
[LATENCY] Node1 -> D: 0ms delay
[LATENCY] Node1 -> B: 0ms delay
[LATENCY] Node1 -> C: 0ms delay
[LATENCY] Node1 -> D: 0ms delay
[LATENCY] Node1 -> B: 0ms delay
[LATENCY] Node1 -> C: 0ms delay
[LATENCY] Node1 -> D: 0ms delay
[LATENCY] Node1 -> B: 0ms delay
[LATENCY] Node1 -> C: 0ms delay
[LATENCY] Node1 -> D: 0ms delay
[LATENCY] Node1 -> B: 0ms delay
[LATENCY] Node1 -> C: 0ms delay
[LATENCY] Node1 -> D: 0ms delay
[LATENCY] Node1 -> B: 0ms delay
[LATENCY] Node1 -> C: 0ms delay
[LATENCY] Node1 -> D: 0ms delay
[LATENCY] Node1 -> B: 0ms delay
[LATENCY] Node1 -> C: 0ms delay
[LATENCY] Node1 -> D: 0ms delay
[LATENCY] Node1 -> B: 0ms delay
[LATENCY] Node1 -> C: 0ms delay
[LATENCY] Node1 -> D: 0ms delay
