[Node4] Loading honest protocol
Node Node4 behavior: honest
[8:40:07 PM.928] Node4 - STATE - Became FOLLOWER, leader: Node1 
[8:40:07 PM.957] Node4 - INIT - Node initialized, leader: Node1 
Raft Node started at ID=Node4, PORT=3004
Node Node4 behavior: honest
[8:40:07 PM.959] Node4 - STATE - Became FOLLOWER, leader: Node1 
[8:40:07 PM.959] Node4 - INIT - Node initialized, leader: Node1 
Server listening on port 3004
[LATENCY] Node4 -> A: 0ms delay
[LATENCY] Node4 -> A: 0ms delay
[LATENCY] Node4 -> A: 0ms delay
[LATENCY] Node4 -> A: 0ms delay
[LATENCY] Node4 -> A: 0ms delay
[LATENCY] Node4 -> A: 0ms delay
[LATENCY] Node4 -> A: 0ms delay
[LATENCY] Node4 -> A: 0ms delay
[LATENCY] Node4 -> A: 0ms delay
[LATENCY] Node4 -> A: 0ms delay
[LATENCY] Node4 -> A: 0ms delay
[LATENCY] Node4 -> A: 0ms delay
[LATENCY] Node4 -> A: 0ms delay
[8:40:14 PM.308] Node4 - REPLICATION - Appended 1 entries from Node1 
[LATENCY] Node4 -> A: 0ms delay
[LATENCY] Node4 -> A: 0ms delay
[8:40:15 PM.230] Node4 - COMMIT - Applied entry 1 {"operation":"TX","id":1,"value":100}
[LATENCY] Node4 -> A: 0ms delay
[LATENCY] Node4 -> A: 0ms delay
[LATENCY] Node4 -> A: 0ms delay
[LATENCY] Node4 -> A: 0ms delay
[LATENCY] Node4 -> A: 0ms delay
[LATENCY] Node4 -> A: 0ms delay
[8:40:17 PM.492] Node4 - REPLICATION - Appended 1 entries from Node1 
[LATENCY] Node4 -> A: 0ms delay
[8:40:18 PM.235] Node4 - COMMIT - Applied entry 2 {"operation":"TX","id":2,"value":200}
[LATENCY] Node4 -> A: 0ms delay
[LATENCY] Node4 -> A: 0ms delay
[LATENCY] Node4 -> A: 0ms delay
[LATENCY] Node4 -> A: 0ms delay
[LATENCY] Node4 -> A: 0ms delay
[LATENCY] Node4 -> A: 0ms delay
[8:40:20 PM.614] Node4 - REPLICATION - Appended 1 entries from Node1 
[LATENCY] Node4 -> A: 0ms delay
[8:40:21 PM.239] Node4 - COMMIT - Applied entry 3 {"operation":"TX","id":3,"value":300}
[LATENCY] Node4 -> A: 0ms delay
[LATENCY] Node4 -> A: 0ms delay
[LATENCY] Node4 -> A: 0ms delay
[LATENCY] Node4 -> A: 0ms delay
[LATENCY] Node4 -> A: 0ms delay
[LATENCY] Node4 -> A: 0ms delay
[LATENCY] Node4 -> A: 0ms delay
[LATENCY] Node4 -> A: 0ms delay
[LATENCY] Node4 -> A: 0ms delay
[LATENCY] Node4 -> A: 0ms delay
[LATENCY] Node4 -> A: 0ms delay
[LATENCY] Node4 -> A: 0ms delay
