[8:42:07 PM.78] Node2 - INIT - Node context set. Starting candidate=true 
MIS Node started at ID=Node2, PORT=3002
Server listening on port 3002
[8:42:13 PM.521] Node2 - RANDOM - Stored random from Node1 for round 1: 0.3524775290568224 
[8:42:13 PM.534] Node2 - START - Starting Luby MIS algorithm 
[8:42:13 PM.534] Node2 - ROUND - Round 1: my random = 0.6285805505190005 
[8:42:13 PM.542] Node2 - RANDOM - Broadcasted random for round 1 to 2 neighbors 
Response from IP 127.0.0.1: { ok: true }
Response from IP 127.0.0.1: { ok: true }
[8:42:13 PM.576] Node2 - RANDOM - Stored random from Node3 for round 1: 0.3062982424927124 
[8:42:15 PM.69] Node2 - ROUND - Round 1: received 2 neighbor randoms 
[8:42:15 PM.70] Node2 - WIN - Round 1: I WON (myRandom=0.6285805505190005 > maxNeighbor=0.3524775290568224). Join MIS. 
[8:42:15 PM.73] Node2 - MIS-NOTIFY - Notified 2 neighbors of MIS membership 
Response from IP 127.0.0.1: { ok: true }
Response from IP 127.0.0.1: { ok: true }
[8:42:17 PM.378] Node2 - WAIT - Not candidate, waiting for round 2 
[8:42:18 PM.380] Node2 - WAIT - Not candidate, waiting for round 3 
[8:42:19 PM.382] Node2 - WAIT - Not candidate, waiting for round 4 
[8:42:20 PM.384] Node2 - WAIT - Not candidate, waiting for round 5 
[8:42:21 PM.385] Node2 - WAIT - Not candidate, waiting for round 6 
[8:42:22 PM.386] Node2 - WAIT - Not candidate, waiting for round 7 
[8:42:23 PM.388] Node2 - WAIT - Not candidate, waiting for round 8 
[8:42:24 PM.390] Node2 - WAIT - Not candidate, waiting for round 9 
[8:42:25 PM.392] Node2 - WAIT - Not candidate, waiting for round 10 
[8:42:25 PM.392] Node2 - COMPLETE - Terminated after 10 rounds. inMIS=true. localMIS=Node2 
