[8:42:07 PM.78] Node5 - INIT - Node context set. Starting candidate=true 
MIS Node started at ID=Node5, PORT=3005
Server listening on port 3005
[8:42:13 PM.617] Node5 - RANDOM - Stored random from Node4 for round 1: 0.23240113887874247 
[8:42:13 PM.630] Node5 - START - Starting Luby MIS algorithm 
[8:42:13 PM.630] Node5 - ROUND - Round 1: my random = 0.10414329268099487 
[8:42:13 PM.638] Node5 - RANDOM - Broadcasted random for round 1 to 2 neighbors 
Response from IP 127.0.0.1: { ok: true }
Response from IP 127.0.0.1: { ok: true }
[8:42:13 PM.670] Node5 - RANDOM - Stored random from Node6 for round 1: 0.1921813347515563 
[8:42:15 PM.165] Node5 - ROUND - Round 1: received 2 neighbor randoms 
[8:42:15 PM.165] Node5 - ROUND - Round 1: Did not win (myRandom=0.10414329268099487 <= maxNeighbor=0.23240113887874247). 
[8:42:15 PM.201] Node5 - MIS-NOTIFY - Neighbor Node6 joined MIS. Removing self from candidates. 
[8:42:15 PM.944] Node5 - RANDOM - Stored random from Node4 for round 2: 0.21783822907758155 
[8:42:16 PM.968] Node5 - WAIT - Not candidate, waiting for round 2 
[8:42:17 PM.471] Node5 - MIS-NOTIFY - Neighbor Node4 joined MIS. Removing self from candidates. 
[8:42:17 PM.971] Node5 - WAIT - Not candidate, waiting for round 3 
[8:42:18 PM.973] Node5 - WAIT - Not candidate, waiting for round 4 
[8:42:19 PM.976] Node5 - WAIT - Not candidate, waiting for round 5 
[8:42:20 PM.978] Node5 - WAIT - Not candidate, waiting for round 6 
[8:42:21 PM.980] Node5 - WAIT - Not candidate, waiting for round 7 
[8:42:22 PM.982] Node5 - WAIT - Not candidate, waiting for round 8 
[8:42:23 PM.987] Node5 - WAIT - Not candidate, waiting for round 9 
[8:42:24 PM.988] Node5 - WAIT - Not candidate, waiting for round 10 
[8:42:24 PM.989] Node5 - COMPLETE - Terminated after 10 rounds. inMIS=false. localMIS=Node6, Node4 
