[Node4] Loading honest protocol
[8:39:42 PM.570] Node4 - INIT - Byzantine behavior: honest 
[8:39:42 PM.594] Node4 - INIT - Node role: backup, primary: Node1 
SBFT Node started at ID=Node4, PORT=3004
[8:39:42 PM.599] Node4 - INIT - Byzantine behavior: honest 
[8:39:42 PM.599] Node4 - INIT - Node role: backup, primary: Node1 
Server listening on port 3004
[8:39:49 PM.36] Node4 - PREPARE - Accepted PREPARE for req#1 from Node1 
[LATENCY] Node4 -> A: 0ms delay
[LATENCY] Node4 -> B: 0ms delay
[LATENCY] Node4 -> C: 0ms delay
[8:39:49 PM.93] Node4 - COMMIT - Sent COMMIT for req #1 
[8:39:49 PM.98] Node4 - COMMIT - Accepted COMMIT for req #1 from Node3 {"totalCommits":2}
[8:39:49 PM.100] Node4 - COMMIT - Accepted COMMIT for req #1 from Node2 {"totalCommits":3}
[8:39:49 PM.100] Node4 - EXECUTION - Executed request #1 ✅ 
[8:39:51 PM.978] Node4 - PREPARE - Accepted PREPARE for req#2 from Node1 
[LATENCY] Node4 -> A: 0ms delay
[LATENCY] Node4 -> B: 0ms delay
[LATENCY] Node4 -> C: 0ms delay
[8:39:52 PM.16] Node4 - COMMIT - Sent COMMIT for req #2 
[8:39:52 PM.18] Node4 - COMMIT - Accepted COMMIT for req #2 from Node2 {"totalCommits":2}
[8:39:52 PM.20] Node4 - COMMIT - Accepted COMMIT for req #2 from Node3 {"totalCommits":3}
[8:39:52 PM.20] Node4 - EXECUTION - Executed request #2 ✅ 
[8:39:55 PM.10] Node4 - PREPARE - Accepted PREPARE for req#3 from Node1 
[LATENCY] Node4 -> A: 0ms delay
[LATENCY] Node4 -> B: 0ms delay
[LATENCY] Node4 -> C: 0ms delay
[8:39:55 PM.51] Node4 - COMMIT - Sent COMMIT for req #3 
[8:39:55 PM.55] Node4 - COMMIT - Accepted COMMIT for req #3 from Node3 {"totalCommits":2}
[8:39:55 PM.57] Node4 - COMMIT - Accepted COMMIT for req #3 from Node2 {"totalCommits":3}
[8:39:55 PM.57] Node4 - EXECUTION - Executed request #3 ✅ 
